// Jest Snapshot v1, https://goo.gl/fbAQLP

exports[`<LoginButton /> renders correctly 1`] = `
ShallowWrapper {
  "length": 1,
  Symbol(enzyme.__root__): [Circular],
  Symbol(enzyme.__unrendered__): <LoginButton />,
  Symbol(enzyme.__renderer__): Object {
    "batchedUpdates": [Function],
    "getNode": [Function],
    "render": [Function],
    "simulateEvent": [Function],
    "unmount": [Function],
  },
  Symbol(enzyme.__node__): Object {
    "instance": null,
    "key": undefined,
    "nodeType": "host",
    "props": Object {
      "children": <button
        className="login-button"
>
        Sign In
</button>,
      "href": "https://id.twitch.tv/oauth2/authorize?client_id=test&redirect_uri=http://test.local&response_type=token&scope=user:edit+extensions:edit:catalog",
    },
    "ref": null,
    "rendered": Object {
      "instance": null,
      "key": undefined,
      "nodeType": "host",
      "props": Object {
        "children": "Sign In",
        "className": "login-button",
      },
      "ref": null,
      "rendered": "Sign In",
      "type": "button",
    },
    "type": "a",
  },
  Symbol(enzyme.__nodes__): Array [
    Object {
      "instance": null,
      "key": undefined,
      "nodeType": "host",
      "props": Object {
        "children": <button
          className="login-button"
>
          Sign In
</button>,
        "href": "https://id.twitch.tv/oauth2/authorize?client_id=test&redirect_uri=http://test.local&response_type=token&scope=user:edit+extensions:edit:catalog",
      },
      "ref": null,
      "rendered": Object {
        "instance": null,
        "key": undefined,
        "nodeType": "host",
        "props": Object {
          "children": "Sign In",
          "className": "login-button",
        },
        "ref": null,
        "rendered": "Sign In",
        "type": "button",
      },
      "type": "a",
    },
  ],
  Symbol(enzyme.__options__): Object {
    "adapter": ReactSixteenAdapter {
      "options": Object {
        "enableComponentDidUpdateOnSetState": true,
      },
    },
  },
}
`;
