// Jest Snapshot v1, https://goo.gl/fbAQLP

exports[`<ExtensionViewContainer /> renders correctly 1`] = `
ShallowWrapper {
  "length": 1,
  Symbol(enzyme.__root__): [Circular],
  Symbol(enzyme.__unrendered__): <ExtensionViewContainer
    configurations={
        Object {
            "channelSegments": Object {
              "twitch": Object {
                "broadcaster": Object {
                  "content": "content",
                  "version": "version",
                },
                "developer": Object {
                  "content": "content",
                  "version": "version",
                },
              },
            },
            "globalSegment": Object {
              "content": "content",
              "version": "version",
            },
          }
    }
    createExtensionViewHandler={[Function]}
    deleteExtensionViewHandler={[Function]}
    editViewHandler={[Function]}
    extensionViews={Array []}
    isDisplayed={true}
    manifest={
        Object {
            "authorName": "test",
            "bitsEnabled": true,
            "configurationLocation": "custom",
            "description": "test",
            "hasChatSupport": false,
            "iconUrls": Object {
              "100x100": "test",
            },
            "id": "test",
            "name": "test",
            "requestIdentityLink": false,
            "sku": "test",
            "state": "test",
            "summary": "test",
            "vendorCode": "test",
            "version": "0.0.1",
            "views": Object {
              "component": Object {
                "aspectHeight": 3000,
                "aspectWidth": 2500,
                "canLinkExternalContent": false,
                "size": 1024,
                "viewerUrl": "https://test:8080",
                "zoom": false,
                "zoomPixels": 24,
              },
              "config": Object {
                "canLinkExternalContent": false,
                "viewerUrl": "https://test:8080",
              },
              "liveConfig": Object {
                "canLinkExternalContent": false,
                "viewerUrl": "https://test:8080",
              },
              "panel": Object {
                "canLinkExternalContent": false,
                "height": 300,
                "viewerUrl": "https://test:8080",
              },
            },
            "whitelistedConfigUrls": Array [],
            "whitelistedPanelUrls": Array [],
          }
    }
    secret=""
/>,
  Symbol(enzyme.__renderer__): Object {
    "batchedUpdates": [Function],
    "getNode": [Function],
    "render": [Function],
    "simulateEvent": [Function],
    "unmount": [Function],
  },
  Symbol(enzyme.__node__): Object {
    "instance": null,
    "key": undefined,
    "nodeType": "function",
    "props": Object {
      "children": Array [
        <div
          className="view-container-wrapper"
>
          <div
                    className="trigger-bar"
          >
                    <svg
                              height="20"
                              version="1.1"
                              viewBox="0 0 44 20"
                              width="44"
                    >
                              <g
                                        onClick={[Function]}
                              >
                                        <rect
                                                  className="trigger-bar__switch"
                                                  height="19"
                                                  rx="2"
                                                  ry="2"
                                                  width="43"
                                                  x="0.5"
                                                  y="0.5"
                                        />
                                        <path
                                                  className="trigger-bar__switch-check"
                                                  d="m 6.5,9 4,4 6,-6 -1,-1 -5,5 -3,-3 z"
                                        />
                                        <rect
                                                  className="trigger-bar__switch-handle"
                                                  height="19"
                                                  rx="2"
                                                  ry="2"
                                                  width="21"
                                                  x="0.5"
                                                  y="0.5"
                                        />
                              </g>
                    </svg>
                    <div
                              className="trigger-bar__text"
                    >
                              Use Mock Triggers
                    </div>
          </div>
          <div
                    className="view-container"
          >
                    
          </div>
          <div>
                    <ExtensionViewButton
                              onClick={[Function]}
                    />
          </div>
          <Console />
</div>,
        false,
        undefined,
      ],
    },
    "ref": null,
    "rendered": Array [
      Object {
        "instance": null,
        "key": undefined,
        "nodeType": "host",
        "props": Object {
          "children": Array [
            <div
              className="trigger-bar"
>
              <svg
                            height="20"
                            version="1.1"
                            viewBox="0 0 44 20"
                            width="44"
              >
                            <g
                                          onClick={[Function]}
                            >
                                          <rect
                                                        className="trigger-bar__switch"
                                                        height="19"
                                                        rx="2"
                                                        ry="2"
                                                        width="43"
                                                        x="0.5"
                                                        y="0.5"
                                          />
                                          <path
                                                        className="trigger-bar__switch-check"
                                                        d="m 6.5,9 4,4 6,-6 -1,-1 -5,5 -3,-3 z"
                                          />
                                          <rect
                                                        className="trigger-bar__switch-handle"
                                                        height="19"
                                                        rx="2"
                                                        ry="2"
                                                        width="21"
                                                        x="0.5"
                                                        y="0.5"
                                          />
                            </g>
              </svg>
              <div
                            className="trigger-bar__text"
              >
                            Use Mock Triggers
              </div>
</div>,
            <div
              className="view-container"
>
              
</div>,
            <div>
              <ExtensionViewButton
                            onClick={[Function]}
              />
</div>,
            <Console />,
          ],
          "className": "view-container-wrapper",
        },
        "ref": null,
        "rendered": Array [
          Object {
            "instance": null,
            "key": undefined,
            "nodeType": "host",
            "props": Object {
              "children": Array [
                <svg
                  height="20"
                  version="1.1"
                  viewBox="0 0 44 20"
                  width="44"
>
                  <g
                                    onClick={[Function]}
                  >
                                    <rect
                                                      className="trigger-bar__switch"
                                                      height="19"
                                                      rx="2"
                                                      ry="2"
                                                      width="43"
                                                      x="0.5"
                                                      y="0.5"
                                    />
                                    <path
                                                      className="trigger-bar__switch-check"
                                                      d="m 6.5,9 4,4 6,-6 -1,-1 -5,5 -3,-3 z"
                                    />
                                    <rect
                                                      className="trigger-bar__switch-handle"
                                                      height="19"
                                                      rx="2"
                                                      ry="2"
                                                      width="21"
                                                      x="0.5"
                                                      y="0.5"
                                    />
                  </g>
</svg>,
                <div
                  className="trigger-bar__text"
>
                  Use Mock Triggers
</div>,
              ],
              "className": "trigger-bar",
            },
            "ref": null,
            "rendered": Array [
              Object {
                "instance": null,
                "key": undefined,
                "nodeType": "host",
                "props": Object {
                  "children": <g
                    onClick={[Function]}
>
                    <rect
                                        className="trigger-bar__switch"
                                        height="19"
                                        rx="2"
                                        ry="2"
                                        width="43"
                                        x="0.5"
                                        y="0.5"
                    />
                    <path
                                        className="trigger-bar__switch-check"
                                        d="m 6.5,9 4,4 6,-6 -1,-1 -5,5 -3,-3 z"
                    />
                    <rect
                                        className="trigger-bar__switch-handle"
                                        height="19"
                                        rx="2"
                                        ry="2"
                                        width="21"
                                        x="0.5"
                                        y="0.5"
                    />
</g>,
                  "height": "20",
                  "version": "1.1",
                  "viewBox": "0 0 44 20",
                  "width": "44",
                },
                "ref": null,
                "rendered": Object {
                  "instance": null,
                  "key": undefined,
                  "nodeType": "host",
                  "props": Object {
                    "children": Array [
                      <rect
                        className="trigger-bar__switch"
                        height="19"
                        rx="2"
                        ry="2"
                        width="43"
                        x="0.5"
                        y="0.5"
/>,
                      <path
                        className="trigger-bar__switch-check"
                        d="m 6.5,9 4,4 6,-6 -1,-1 -5,5 -3,-3 z"
/>,
                      <rect
                        className="trigger-bar__switch-handle"
                        height="19"
                        rx="2"
                        ry="2"
                        width="21"
                        x="0.5"
                        y="0.5"
/>,
                    ],
                    "onClick": [Function],
                  },
                  "ref": null,
                  "rendered": Array [
                    Object {
                      "instance": null,
                      "key": undefined,
                      "nodeType": "host",
                      "props": Object {
                        "className": "trigger-bar__switch",
                        "height": "19",
                        "rx": "2",
                        "ry": "2",
                        "width": "43",
                        "x": "0.5",
                        "y": "0.5",
                      },
                      "ref": null,
                      "rendered": null,
                      "type": "rect",
                    },
                    Object {
                      "instance": null,
                      "key": undefined,
                      "nodeType": "host",
                      "props": Object {
                        "className": "trigger-bar__switch-check",
                        "d": "m 6.5,9 4,4 6,-6 -1,-1 -5,5 -3,-3 z",
                      },
                      "ref": null,
                      "rendered": null,
                      "type": "path",
                    },
                    Object {
                      "instance": null,
                      "key": undefined,
                      "nodeType": "host",
                      "props": Object {
                        "className": "trigger-bar__switch-handle",
                        "height": "19",
                        "rx": "2",
                        "ry": "2",
                        "width": "21",
                        "x": "0.5",
                        "y": "0.5",
                      },
                      "ref": null,
                      "rendered": null,
                      "type": "rect",
                    },
                  ],
                  "type": "g",
                },
                "type": "svg",
              },
              Object {
                "instance": null,
                "key": undefined,
                "nodeType": "host",
                "props": Object {
                  "children": "Use Mock Triggers",
                  "className": "trigger-bar__text",
                },
                "ref": null,
                "rendered": "Use Mock Triggers",
                "type": "div",
              },
            ],
            "type": "div",
          },
          Object {
            "instance": null,
            "key": undefined,
            "nodeType": "host",
            "props": Object {
              "children": Array [],
              "className": "view-container",
            },
            "ref": null,
            "rendered": Array [],
            "type": "div",
          },
          Object {
            "instance": null,
            "key": undefined,
            "nodeType": "host",
            "props": Object {
              "children": <ExtensionViewButton
                onClick={[Function]}
/>,
            },
            "ref": null,
            "rendered": Object {
              "instance": null,
              "key": undefined,
              "nodeType": "class",
              "props": Object {
                "onClick": [Function],
              },
              "ref": null,
              "rendered": null,
              "type": [Function],
            },
            "type": "div",
          },
          Object {
            "instance": null,
            "key": undefined,
            "nodeType": "class",
            "props": Object {},
            "ref": null,
            "rendered": null,
            "type": [Function],
          },
        ],
        "type": "div",
      },
      false,
      undefined,
    ],
    "type": Symbol(react.fragment),
  },
  Symbol(enzyme.__nodes__): Array [
    Object {
      "instance": null,
      "key": undefined,
      "nodeType": "function",
      "props": Object {
        "children": Array [
          <div
            className="view-container-wrapper"
>
            <div
                        className="trigger-bar"
            >
                        <svg
                                    height="20"
                                    version="1.1"
                                    viewBox="0 0 44 20"
                                    width="44"
                        >
                                    <g
                                                onClick={[Function]}
                                    >
                                                <rect
                                                            className="trigger-bar__switch"
                                                            height="19"
                                                            rx="2"
                                                            ry="2"
                                                            width="43"
                                                            x="0.5"
                                                            y="0.5"
                                                />
                                                <path
                                                            className="trigger-bar__switch-check"
                                                            d="m 6.5,9 4,4 6,-6 -1,-1 -5,5 -3,-3 z"
                                                />
                                                <rect
                                                            className="trigger-bar__switch-handle"
                                                            height="19"
                                                            rx="2"
                                                            ry="2"
                                                            width="21"
                                                            x="0.5"
                                                            y="0.5"
                                                />
                                    </g>
                        </svg>
                        <div
                                    className="trigger-bar__text"
                        >
                                    Use Mock Triggers
                        </div>
            </div>
            <div
                        className="view-container"
            >
                        
            </div>
            <div>
                        <ExtensionViewButton
                                    onClick={[Function]}
                        />
            </div>
            <Console />
</div>,
          false,
          undefined,
        ],
      },
      "ref": null,
      "rendered": Array [
        Object {
          "instance": null,
          "key": undefined,
          "nodeType": "host",
          "props": Object {
            "children": Array [
              <div
                className="trigger-bar"
>
                <svg
                                height="20"
                                version="1.1"
                                viewBox="0 0 44 20"
                                width="44"
                >
                                <g
                                                onClick={[Function]}
                                >
                                                <rect
                                                                className="trigger-bar__switch"
                                                                height="19"
                                                                rx="2"
                                                                ry="2"
                                                                width="43"
                                                                x="0.5"
                                                                y="0.5"
                                                />
                                                <path
                                                                className="trigger-bar__switch-check"
                                                                d="m 6.5,9 4,4 6,-6 -1,-1 -5,5 -3,-3 z"
                                                />
                                                <rect
                                                                className="trigger-bar__switch-handle"
                                                                height="19"
                                                                rx="2"
                                                                ry="2"
                                                                width="21"
                                                                x="0.5"
                                                                y="0.5"
                                                />
                                </g>
                </svg>
                <div
                                className="trigger-bar__text"
                >
                                Use Mock Triggers
                </div>
</div>,
              <div
                className="view-container"
>
                
</div>,
              <div>
                <ExtensionViewButton
                                onClick={[Function]}
                />
</div>,
              <Console />,
            ],
            "className": "view-container-wrapper",
          },
          "ref": null,
          "rendered": Array [
            Object {
              "instance": null,
              "key": undefined,
              "nodeType": "host",
              "props": Object {
                "children": Array [
                  <svg
                    height="20"
                    version="1.1"
                    viewBox="0 0 44 20"
                    width="44"
>
                    <g
                                        onClick={[Function]}
                    >
                                        <rect
                                                            className="trigger-bar__switch"
                                                            height="19"
                                                            rx="2"
                                                            ry="2"
                                                            width="43"
                                                            x="0.5"
                                                            y="0.5"
                                        />
                                        <path
                                                            className="trigger-bar__switch-check"
                                                            d="m 6.5,9 4,4 6,-6 -1,-1 -5,5 -3,-3 z"
                                        />
                                        <rect
                                                            className="trigger-bar__switch-handle"
                                                            height="19"
                                                            rx="2"
                                                            ry="2"
                                                            width="21"
                                                            x="0.5"
                                                            y="0.5"
                                        />
                    </g>
</svg>,
                  <div
                    className="trigger-bar__text"
>
                    Use Mock Triggers
</div>,
                ],
                "className": "trigger-bar",
              },
              "ref": null,
              "rendered": Array [
                Object {
                  "instance": null,
                  "key": undefined,
                  "nodeType": "host",
                  "props": Object {
                    "children": <g
                      onClick={[Function]}
>
                      <rect
                                            className="trigger-bar__switch"
                                            height="19"
                                            rx="2"
                                            ry="2"
                                            width="43"
                                            x="0.5"
                                            y="0.5"
                      />
                      <path
                                            className="trigger-bar__switch-check"
                                            d="m 6.5,9 4,4 6,-6 -1,-1 -5,5 -3,-3 z"
                      />
                      <rect
                                            className="trigger-bar__switch-handle"
                                            height="19"
                                            rx="2"
                                            ry="2"
                                            width="21"
                                            x="0.5"
                                            y="0.5"
                      />
</g>,
                    "height": "20",
                    "version": "1.1",
                    "viewBox": "0 0 44 20",
                    "width": "44",
                  },
                  "ref": null,
                  "rendered": Object {
                    "instance": null,
                    "key": undefined,
                    "nodeType": "host",
                    "props": Object {
                      "children": Array [
                        <rect
                          className="trigger-bar__switch"
                          height="19"
                          rx="2"
                          ry="2"
                          width="43"
                          x="0.5"
                          y="0.5"
/>,
                        <path
                          className="trigger-bar__switch-check"
                          d="m 6.5,9 4,4 6,-6 -1,-1 -5,5 -3,-3 z"
/>,
                        <rect
                          className="trigger-bar__switch-handle"
                          height="19"
                          rx="2"
                          ry="2"
                          width="21"
                          x="0.5"
                          y="0.5"
/>,
                      ],
                      "onClick": [Function],
                    },
                    "ref": null,
                    "rendered": Array [
                      Object {
                        "instance": null,
                        "key": undefined,
                        "nodeType": "host",
                        "props": Object {
                          "className": "trigger-bar__switch",
                          "height": "19",
                          "rx": "2",
                          "ry": "2",
                          "width": "43",
                          "x": "0.5",
                          "y": "0.5",
                        },
                        "ref": null,
                        "rendered": null,
                        "type": "rect",
                      },
                      Object {
                        "instance": null,
                        "key": undefined,
                        "nodeType": "host",
                        "props": Object {
                          "className": "trigger-bar__switch-check",
                          "d": "m 6.5,9 4,4 6,-6 -1,-1 -5,5 -3,-3 z",
                        },
                        "ref": null,
                        "rendered": null,
                        "type": "path",
                      },
                      Object {
                        "instance": null,
                        "key": undefined,
                        "nodeType": "host",
                        "props": Object {
                          "className": "trigger-bar__switch-handle",
                          "height": "19",
                          "rx": "2",
                          "ry": "2",
                          "width": "21",
                          "x": "0.5",
                          "y": "0.5",
                        },
                        "ref": null,
                        "rendered": null,
                        "type": "rect",
                      },
                    ],
                    "type": "g",
                  },
                  "type": "svg",
                },
                Object {
                  "instance": null,
                  "key": undefined,
                  "nodeType": "host",
                  "props": Object {
                    "children": "Use Mock Triggers",
                    "className": "trigger-bar__text",
                  },
                  "ref": null,
                  "rendered": "Use Mock Triggers",
                  "type": "div",
                },
              ],
              "type": "div",
            },
            Object {
              "instance": null,
              "key": undefined,
              "nodeType": "host",
              "props": Object {
                "children": Array [],
                "className": "view-container",
              },
              "ref": null,
              "rendered": Array [],
              "type": "div",
            },
            Object {
              "instance": null,
              "key": undefined,
              "nodeType": "host",
              "props": Object {
                "children": <ExtensionViewButton
                  onClick={[Function]}
/>,
              },
              "ref": null,
              "rendered": Object {
                "instance": null,
                "key": undefined,
                "nodeType": "class",
                "props": Object {
                  "onClick": [Function],
                },
                "ref": null,
                "rendered": null,
                "type": [Function],
              },
              "type": "div",
            },
            Object {
              "instance": null,
              "key": undefined,
              "nodeType": "class",
              "props": Object {},
              "ref": null,
              "rendered": null,
              "type": [Function],
            },
          ],
          "type": "div",
        },
        false,
        undefined,
      ],
      "type": Symbol(react.fragment),
    },
  ],
  Symbol(enzyme.__options__): Object {
    "adapter": ReactSixteenAdapter {
      "options": Object {
        "enableComponentDidUpdateOnSetState": true,
      },
    },
  },
}
`;
